{"level":"info","service":"publish","time":"2026-02-06T01:13:25+03:00","message":"starting service"}
{"level":"info","time":"2026-02-06T01:13:25+03:00","message":"connecting to database..."}
{"level":"info","time":"2026-02-06T01:13:25+03:00","message":"database connected"}
{"level":"info","time":"2026-02-06T01:13:25+03:00","message":"publish service initialized"}
{"level":"info","time":"2026-02-06T01:13:25+03:00","message":"publish service started successfully"}
{"level":"info","addr":":8083","time":"2026-02-06T01:13:25+03:00","message":"starting HTTP server..."}
{"level":"info","time":"2026-02-06T01:13:25+03:00","message":"starting kafka consumer..."}
{"level":"info","time":"2026-02-06T01:13:25+03:00","message":"starting outbox publisher..."}
{"level":"info","time":"2026-02-06T01:13:25+03:00","message":"publish kafka consumer started"}
{"level":"info","component":"publish_outbox_publisher","interval":5000,"batch_size":100,"time":"2026-02-06T01:13:25+03:00","message":"publish outbox publisher started"}
{"level":"error","error":"EOF","time":"2026-02-06T01:13:29+03:00","message":"failed to fetch message"}
{"level":"error","error":"EOF","time":"2026-02-06T01:13:29+03:00","message":"failed to fetch message"}
{"level":"error","error":"EOF","time":"2026-02-06T01:13:29+03:00","message":"failed to fetch message"}
{"level":"error","error":"EOF","time":"2026-02-06T01:13:29+03:00","message":"failed to fetch message"}
{"level":"error","error":"EOF","time":"2026-02-06T01:13:29+03:00","message":"failed to fetch message"}
{"level":"error","error":"EOF","time":"2026-02-06T01:13:29+03:00","message":"failed to fetch message"}
{"level":"error","error":"EOF","time":"2026-02-06T01:13:29+03:00","message":"failed to fetch message"}
{"level":"error","error":"EOF","time":"2026-02-06T01:13:29+03:00","message":"failed to fetch message"}
{"level":"error","error":"EOF","time":"2026-02-06T01:13:29+03:00","message":"failed to fetch message"}
{"level":"error","error":"EOF","time":"2026-02-06T01:13:29+03:00","message":"failed to fetch message"}
{"level":"error","error":"EOF","time":"2026-02-06T01:13:29+03:00","message":"failed to fetch message"}
{"level":"error","error":"EOF","time":"2026-02-06T01:13:29+03:00","message":"failed to fetch message"}
{"level":"error","error":"EOF","time":"2026-02-06T01:13:29+03:00","message":"failed to fetch message"}
{"level":"error","error":"EOF","time":"2026-02-06T01:13:29+03:00","message":"failed to fetch message"}
{"level":"error","error":"EOF","time":"2026-02-06T01:13:29+03:00","message":"failed to fetch message"}
{"level":"error","error":"EOF","time":"2026-02-06T01:13:29+03:00","message":"failed to fetch message"}
{"level":"error","error":"EOF","time":"2026-02-06T01:13:29+03:00","message":"failed to fetch message"}
{"level":"error","error":"EOF","time":"2026-02-06T01:13:29+03:00","message":"failed to fetch message"}
{"level":"error","error":"http server: listen tcp :8083: bind: address already in use","service":"publish","time":"2026-02-06T01:13:29+03:00","message":"service failed"}
{"level":"info","component":"publish_outbox_publisher","time":"2026-02-06T01:13:29+03:00","message":"publish outbox publisher stopped"}
{"level":"error","error":"EOF","time":"2026-02-06T01:13:29+03:00","message":"failed to fetch message"}
{"level":"info","time":"2026-02-06T01:13:29+03:00","message":"publish kafka consumer stopped"}
